test_token_protected_route.py::test_failover_test PASSED                 [100%]keycloak-demo-keycloak1-1
[2024-02-14 13:44:07,685] [INFO] [MainThread] Obtaining token for admin...
[2024-02-14 13:44:09,874] [INFO] [MainThread] Creating Keycloak user 'testuser'...
[2024-02-14 13:44:10,323] [INFO] [MainThread] User 'testuser' created successfully.
[2024-02-14 13:44:10,324] [INFO] [MainThread] stop keycloak1 container
[2024-02-14 13:44:11,964] [INFO] [MainThread] Verifying user existence post-failover
[2024-02-14 13:44:11,966] [INFO] [MainThread] Obtaining token for admin...
[2024-02-14 13:44:54,141] [INFO] [MainThread] Test passed: User exists and is accessible even after keycloak1 failover.
[2024-02-14 13:44:54,144] [INFO] [MainThread] Obtaining token for admin...
[2024-02-14 13:44:54,259] [INFO] [MainThread] Deleting Keycloak user 'testuser'...
[2024-02-14 13:44:54,632] [INFO] [MainThread] User 'testuser' deleted successfully.